<html>
<body>
<pre>
<h1>µVision Build Log</h1>
<h2>Tool Versions:</h2>
IDE-Version: ¦ÌVision V5.36.0.0
Copyright (C) 2021 ARM Ltd and ARM Germany GmbH. All rights reserved.
License Information: Asuka Liu, zzu, LIC=EXJT4-FQEER-30YNC-791NV-Y3STZ-ZKMWH
 
Tool Versions:
Toolchain:       MDK-ARM Plus  Version: 5.36.0.0
Toolchain Path:  D:\Keil_v5\ARM\ARMCC\Bin
C Compiler:      Armcc.exe V5.06 update 7 (build 960)
Assembler:       Armasm.exe V5.06 update 7 (build 960)
Linker/Locator:  ArmLink.exe V5.06 update 7 (build 960)
Library Manager: ArmAr.exe V5.06 update 7 (build 960)
Hex Converter:   FromElf.exe V5.06 update 7 (build 960)
CPU DLL:         SARMCM3.DLL V5.36.0.0
Dialog DLL:      DCM.DLL V1.17.3.0
Target DLL:      STLink\ST-LINKIII-KEIL_SWO.dll V3.0.9.0
Dialog DLL:      TCM.DLL V1.53.0.0
 
<h2>Project:</h2>
E:\MyCode\STM32\STM32F103\stm32-max30102\MDK-ARM\max30102.uvprojx
Project File Date:  05/07/2023

<h2>Output:</h2>
*** Using Compiler 'V5.06 update 7 (build 960)', folder: 'D:\Keil_v5\ARM\ARMCC\Bin'
Rebuild target 'max30102'
assembling startup_stm32f103xb.s...
compiling stm32f1xx_it.c...
../Inc/max30102.h(17): warning:  #1295-D: Deprecated declaration max30102_init - give arg types
  void max30102_init();
../Inc/max30102.h(18): warning:  #1295-D: Deprecated declaration max30102_getUnreadSampleCount - give arg types
  uint8_t max30102_getUnreadSampleCount();
../Inc/max30102.h(20): warning:  #1295-D: Deprecated declaration max30102_getStatus - give arg types
  uint8_t max30102_getStatus();
../Inc/max30102.h(22): warning:  #1295-D: Deprecated declaration max30102_OFF - give arg types
  void max30102_OFF();
../Inc/max30102.h(23): warning:  #1295-D: Deprecated declaration max30102_ON - give arg types
  void max30102_ON();
../Inc/max30102.h(25): warning:  #1295-D: Deprecated declaration max30102_cal - give arg types
  void max30102_cal();
../Inc/max30102.h(26): warning:  #1295-D: Deprecated declaration max30102_getHeartRate - give arg types
  uint8_t max30102_getHeartRate();
../Inc/max30102.h(27): warning:  #1295-D: Deprecated declaration max30102_getSpO2 - give arg types
  uint8_t max30102_getSpO2();
../Inc/max30102.h(28): warning:  #1295-D: Deprecated declaration max30102_getDiff - give arg types
  int16_t max30102_getDiff();
../Inc/max30102.h(30): warning:  #1-D: last line of file ends without a newline
  #endif
../Src/stm32f1xx_it.c: 10 warnings, 0 errors
compiling main.c...
../Inc/oled.h(16): warning:  #1295-D: Deprecated declaration OLED_I2C_callBack - give arg types
  void OLED_I2C_callBack();
../Inc/max30102.h(17): warning:  #1295-D: Deprecated declaration max30102_init - give arg types
  void max30102_init();
../Inc/max30102.h(18): warning:  #1295-D: Deprecated declaration max30102_getUnreadSampleCount - give arg types
  uint8_t max30102_getUnreadSampleCount();
../Inc/max30102.h(20): warning:  #1295-D: Deprecated declaration max30102_getStatus - give arg types
  uint8_t max30102_getStatus();
../Inc/max30102.h(22): warning:  #1295-D: Deprecated declaration max30102_OFF - give arg types
  void max30102_OFF();
../Inc/max30102.h(23): warning:  #1295-D: Deprecated declaration max30102_ON - give arg types
  void max30102_ON();
../Inc/max30102.h(25): warning:  #1295-D: Deprecated declaration max30102_cal - give arg types
  void max30102_cal();
../Inc/max30102.h(26): warning:  #1295-D: Deprecated declaration max30102_getHeartRate - give arg types
  uint8_t max30102_getHeartRate();
../Inc/max30102.h(27): warning:  #1295-D: Deprecated declaration max30102_getSpO2 - give arg types
  uint8_t max30102_getSpO2();
../Inc/max30102.h(28): warning:  #1295-D: Deprecated declaration max30102_getDiff - give arg types
  int16_t max30102_getDiff();
../Inc/max30102.h(30): warning:  #1-D: last line of file ends without a newline
  #endif
../Src/main.c: 11 warnings, 0 errors
compiling oled.c...
../Inc/oled.h(16): warning:  #1295-D: Deprecated declaration OLED_I2C_callBack - give arg types
  void OLED_I2C_callBack();
..\Src\oled.c(393): warning:  #1-D: last line of file ends without a newline
  }
..\Src\oled.c: 2 warnings, 0 errors
compiling stm32f1xx_hal_msp.c...
compiling stm32f1xx_hal_gpio_ex.c...
compiling max30102.c...
../Inc/max30102.h(17): warning:  #1295-D: Deprecated declaration max30102_init - give arg types
  void max30102_init();
../Inc/max30102.h(18): warning:  #1295-D: Deprecated declaration max30102_getUnreadSampleCount - give arg types
  uint8_t max30102_getUnreadSampleCount();
../Inc/max30102.h(20): warning:  #1295-D: Deprecated declaration max30102_getStatus - give arg types
  uint8_t max30102_getStatus();
../Inc/max30102.h(22): warning:  #1295-D: Deprecated declaration max30102_OFF - give arg types
  void max30102_OFF();
../Inc/max30102.h(23): warning:  #1295-D: Deprecated declaration max30102_ON - give arg types
  void max30102_ON();
../Inc/max30102.h(25): warning:  #1295-D: Deprecated declaration max30102_cal - give arg types
  void max30102_cal();
../Inc/max30102.h(26): warning:  #1295-D: Deprecated declaration max30102_getHeartRate - give arg types
  uint8_t max30102_getHeartRate();
../Inc/max30102.h(27): warning:  #1295-D: Deprecated declaration max30102_getSpO2 - give arg types
  uint8_t max30102_getSpO2();
../Inc/max30102.h(28): warning:  #1295-D: Deprecated declaration max30102_getDiff - give arg types
  int16_t max30102_getDiff();
../Inc/max30102.h(30): warning:  #1-D: last line of file ends without a newline
  #endif
..\Src\max30102.c(257): warning:  #1-D: last line of file ends without a newline
  int16_t max30102_getDiff() { return eachSampleDiff; }
..\Src\max30102.c: 11 warnings, 0 errors
compiling stm32f1xx_hal.c...
compiling stm32f1xx_hal_i2c.c...
compiling stm32f1xx_hal_rcc_ex.c...
compiling stm32f1xx_hal_gpio.c...
compiling stm32f1xx_hal_rcc.c...
compiling stm32f1xx_hal_dma.c...
compiling stm32f1xx_hal_flash.c...
compiling stm32f1xx_hal_cortex.c...
compiling stm32f1xx_hal_pwr.c...
compiling stm32f1xx_hal_flash_ex.c...
compiling stm32f1xx_hal_tim_ex.c...
compiling stm32f1xx_hal_tim.c...
compiling stm32f1xx_hal_exti.c...
compiling stm32f1xx_hal_uart.c...
compiling system_stm32f1xx.c...
linking...
Program Size: Code=16146 RO-data=926 RW-data=48 ZI-data=3304  
FromELF: creating hex file...
"max30102\max30102.axf" - 0 Error(s), 34 Warning(s).

<h2>Software Packages used:</h2>

Package Vendor: ARM
                http://www.keil.com/pack/ARM.CMSIS.5.8.0.pack
                ARM.CMSIS.5.8.0
                CMSIS (Common Microcontroller Software Interface Standard)
   * Component: CORE Version: 5.5.0

Package Vendor: Keil
                http://www.keil.com/pack/Keil.STM32F1xx_DFP.2.4.0.pack
                Keil.STM32F1xx_DFP.2.4.0
                STMicroelectronics STM32F1 Series Device Support, Drivers and Examples

<h2>Collection of Component include folders:</h2>
  .\RTE\_max30102
  D:\Keil_v5\Packs\ARM\CMSIS\5.8.0\CMSIS\Core\Include
  D:\Keil_v5\Packs\Keil\STM32F1xx_DFP\2.4.0\Device\Include

<h2>Collection of Component Files used:</h2>

   * Component: ARM::CMSIS:CORE:5.5.0
      Include file:  CMSIS\Core\Include\tz_context.h
Build Time Elapsed:  00:00:20
</pre>
</body>
</html>
